---
source: crates/sui-prover/tests/integration.rs
assertion_line: 303
expression: output
---
exiting with verification errors
error: prover::ensures does not hold
   ┌─ tests/inputs/sum_slice_range/sum_range.fail.move:20:5
   │
20 │     ensures(v2_sum == ELIDEDu64.to_int()); // Should fails because sum [1,3) is 40
   │     ^^^^^^^^^^^^^^^^^^^^^^^^^^^^^^^^^
   │
   =     at tests/inputs/sum_slice_range/sum_range.fail.move:17: test_sum
