---
source: crates/sui-prover/tests/integration.rs
assertion_line: 303
expression: output
---
exiting with bytecode transformation errors
error: Target function 'inc1' not found in module '0x42::foo'
   ┌─ tests/inputs/spec_paths/fun_not_found.move:28:5
   │  
28 │ ╭     public fun foo_spec(x: u64): u64 {
29 │ │         requires(x < std::u64::max_value!());
30 │ │         let res = inc(x);
31 │ │         let x_int = x.to_int();
   · │
34 │ │         res
35 │ │     }
   │ ╰─────^
