---
source: crates/sui-prover/tests/integration.rs
assertion_line: 303
expression: output
---
exiting with model building errors
error: unexpected name in this position
   ┌─ tests/inputs/spec_paths/wrong_module.move:26:32
   │
24 │     use 0x42::foo;
   │               --- Similarly named defintion found here
25 │ 
26 │     #[ext(spec(prove, target = bar::inc))] #[allow(unused_function)]
   │                                ^^^
   │                                │
   │                                Could not resolve the name 'bar'
   │                                Did you mean: 'foo'
