---
source: crates/sui-prover/tests/integration.rs
assertion_line: 303
expression: output
---
exiting with verification errors
warning: unused variable
   ┌─ tests/inputs/logging.move:22:9
   │
22 │     let x_int = x.to_int();
   │         ^^^^^ Unused local variable 'x_int'. Consider removing or prefixing with an underscore: '_x_int'
   │
   = This warning can be suppressed with '#[allow(unused_variable)]' applied to the 'module' or module member ('const', 'fun', or 'struct')

error: prover::ensures does not hold
   ┌─ tests/inputs/logging.move:25:5
   │
25 │     ensures(res_int == 0u64.to_int());
   │     ^^^^^^^^^^^^^^^^^^^^^^^^^^^^^^^^^
   │
   =     at tests/inputs/logging.move:19: foo_spec
   =     Checking value of x
   =     at tests/inputs/logging.move:25: foo_spec
