---
source: crates/sui-prover/tests/integration.rs
assertion_line: 303
expression: output
---
exiting with bytecode transformation errors
error: Spec function is calling a network module
   ┌─ tests/inputs/spec_purity/spec_purity_event_module.move:37:9
   │
37 │         subcheck(x);
   │         ^^^^^^^^^^^
