---
source: crates/sui-prover/tests/integration.rs
assertion_line: 303
expression: output
---
exiting with verification errors
error: prover::ensures does not hold
   ┌─ tests/inputs/quantifiers/range_sum_map.fail.move:31:5
   │
31 │     ensures(range_sum_map!<u64>(5, 5, |x| identity(x)) == 1u64.to_int());
   │     ^^^^^^^^^^^^^^^^^^^^^^^^^^^^^^^^^^^^^^^^^^^^^^^^^^^^^^^^^^^^^^^^^^^^
   │
   =     at tests/inputs/quantifiers/range_sum_map.fail.move:31: test_range_sum_map_empty_not_zero

error: prover::ensures does not hold
   ┌─ tests/inputs/quantifiers/range_sum_map.fail.move:25:5
   │
25 │     ensures(range_sum_map!<u64>(0, 4, |x| identity(x)) == 7u64.to_int());
   │     ^^^^^^^^^^^^^^^^^^^^^^^^^^^^^^^^^^^^^^^^^^^^^^^^^^^^^^^^^^^^^^^^^^^^
   │
   =     at tests/inputs/quantifiers/range_sum_map.fail.move:25: test_range_sum_map_wrong_sum
