---
source: crates/sui-prover/tests/integration.rs
assertion_line: 303
expression: output
---
exiting with verification errors
error: prover::ensures does not hold
   ┌─ tests/inputs/quantifiers/sum_map.fail.move:31:5
   │
31 │     ensures(sum_map!<u64, u64>(&v, |x| x_plus_10(x)) == ELIDEDu64.to_int());
   │     ^^^^^^^^^^^^^^^^^^^^^^^^^^^^^^^^^^^^^^^^^^^^^^^^^^^^^^^^^^^^^^^^^^^^
   │
   =     at tests/inputs/quantifiers/sum_map.fail.move:28: test_sum_map_fail

error: prover::ensures does not hold
   ┌─ tests/inputs/quantifiers/sum_map.fail.move:39:5
   │
39 │     ensures(sum_map_range!<u64, u64>(&v, 0, 2, |x| x_plus_10(x)) == ELIDEDu64.to_int());
   │     ^^^^^^^^^^^^^^^^^^^^^^^^^^^^^^^^^^^^^^^^^^^^^^^^^^^^^^^^^^^^^^^^^^^^^^^^^^^^^^^^
   │
   =     at tests/inputs/quantifiers/sum_map.fail.move:36: test_sum_map_range_fail
