---
source: crates/sui-prover/tests/integration.rs
assertion_line: 303
expression: output
---
exiting with model building errors
error: built-in operation not supported
   ┌─ tests/inputs/quantifiers/sum_map_suffix_loop.ok.move:33:17
   │
33 │             && (s.to_int() + sum_map_range!(v, i, v.length(), |j| odd_to_int(j)))
   │                 ^^^^^^^^^^ Invalid argument to '+'
   │
   ┌─ tests/../../../packages/prover/sources/integer.move:8:59
   │
 8 │     #[ext(spec_only)] native public fun from_u64(x: u64): Integer;
   │                                                           ------- Found: '(prover=0x0)::integer::Integer'. But expected: 'u8', 'u16', 'u32', 'u64', 'u128', 'u256'

error: built-in operation not supported
   ┌─ tests/inputs/quantifiers/sum_map_suffix_loop.ok.move:33:30
   │
33 │             && (s.to_int() + sum_map_range!(v, i, v.length(), |j| odd_to_int(j)))
   │                              ^^^^^^^^^^^^^^^^^^^^^^^^^^^^^^^^^^^^^^^^^^^^^^^^^^^ Invalid argument to '+'
   │
   ┌─ tests/../../../packages/prover/sources/integer.move:8:59
   │
 8 │     #[ext(spec_only)] native public fun from_u64(x: u64): Integer;
   │                                                           ------- Found: '(prover=0x0)::integer::Integer'. But expected: 'u8', 'u16', 'u32', 'u64', 'u128', 'u256'
