---
source: crates/sui-prover/tests/integration.rs
assertion_line: 303
expression: output
---
exiting with bytecode transformation errors
error: Function 'simple_axiom::bar' called from a pure function cannot abort
   ┌─ tests/inputs/axioms/calling_proc.fail.move:20:5
   │
20 │     assert!(1u8 > 2u8);
   │     ^^^^^^^^^^^^^^^^^^
