---
source: crates/sui-prover/tests/integration.rs
assertion_line: 303
expression: output
---
exiting with bytecode transformation errors
error: Axiom functions cannot be called from non-axiom functions
   ┌─ tests/inputs/axioms/call.fail.move:18:1
   │  
18 │ ╭ public fun foo() {
19 │ │   assert!(true);
20 │ │   f_axiom(10);
21 │ │ }
   │ ╰─^
