---
source: crates/sui-prover/tests/integration.rs
assertion_line: 303
expression: output
---
exiting with bytecode transformation errors
error: Axiom functions should return bool type
   ┌─ tests/inputs/axioms/returns.fail.move:15:1
   │  
15 │ ╭ fun f_axiom(x: u64): Integer {
16 │ │     x.to_int().sqrt()
17 │ │ }
   │ ╰─^
