---
source: crates/sui-prover/tests/integration.rs
expression: output
---
exiting with verification errors
error: prover::ensures does not hold
   ┌─ tests/inputs/dynamic_field/exists_.fail.move:19:5
   │
19 │     ensures(!dynamic_field::exists(&x.id, 11u8));
   │     ^^^^^^^^^^^^^^^^^^^^^^^^^^^^^^^^^^^^^^^^^^^^
   │
   =     at tests/inputs/dynamic_field/exists_.fail.move:16: foo_spec
